// Jest Snapshot v1, https://goo.gl/fbAQLP

exports[`상품목록 페이지 store에 있는 products가 제대로 렌더링 되는지 확인한다. 1`] = `
<div>
  <section
    class="sc-bdvvaa epvVwG"
  >
    <div
      class="sc-eCImvq kFPXzk"
    >
      <div
        class="sc-gsDJrp"
      >
        <div
          class="sc-dkPtyc cVhNnt"
        >
          <img
            alt="[든든] 유부 슬라이스 500g"
            class="sc-hKwCoD doJTuW"
            src="https://cdn-mart.baemin.com/goods/custom/20200525/11153-main-01.png"
          />
        </div>
      </div>
      <div
        class="sc-jRQAMF liUEKP"
      >
        <h4
          class="sc-gKckTs jFQqTJ"
        >
          [든든] 유부 슬라이스 500g
        </h4>
        <div
          class="sc-iCfLBT bWXkrK"
        >
          <div
            class="sc-ieebsP jwDezp"
          >
            <span
              class="sc-dJjZJu ezWYrJ"
            >
              4,900
               원
            </span>
            <button
              aria-label="[든든] 유부 슬라이스 500g을 장바구니에 담기"
              class="sc-bkkfTU jprmXP"
              type="submit"
            >
              <svg>
                cart.svg
              </svg>
            </button>
          </div>
        </div>
      </div>
    </div>
    <div
      class="sc-eCImvq kFPXzk"
    >
      <div
        class="sc-gsDJrp"
      >
        <div
          class="sc-dkPtyc cVhNnt"
        >
          <img
            alt="[든든] 진맛살 1kg"
            class="sc-hKwCoD doJTuW"
            src="https://cdn-mart.baemin.com/goods/custom/20200525/11157-main-01.png"
          />
        </div>
      </div>
      <div
        class="sc-jRQAMF liUEKP"
      >
        <h4
          class="sc-gKckTs jFQqTJ"
        >
          [든든] 진맛살 1kg
        </h4>
        <div
          class="sc-iCfLBT bWXkrK"
        >
          <div
            class="sc-ieebsP jwDezp"
          >
            <span
              class="sc-dJjZJu ezWYrJ"
            >
              7,100
               원
            </span>
            <button
              aria-label="[든든] 진맛살 1kg을 장바구니에 담기"
              class="sc-bkkfTU jprmXP"
              type="submit"
            >
              <svg>
                cart.svg
              </svg>
            </button>
          </div>
        </div>
      </div>
    </div>
    <div
      class="sc-eCImvq kFPXzk"
    >
      <div
        class="sc-gsDJrp"
      >
        <div
          class="sc-dkPtyc cVhNnt"
        >
          <img
            alt="[든든] 신-키리모찌 1kg"
            class="sc-hKwCoD doJTuW"
            src="https://cdn-mart.baemin.com/goods/custom/20200525/11161-main-01.png"
          />
        </div>
      </div>
      <div
        class="sc-jRQAMF liUEKP"
      >
        <h4
          class="sc-gKckTs jFQqTJ"
        >
          [든든] 신-키리모찌 1kg
        </h4>
        <div
          class="sc-iCfLBT bWXkrK"
        >
          <div
            class="sc-ieebsP jwDezp"
          >
            <span
              class="sc-dJjZJu ezWYrJ"
            >
              12,000
               원
            </span>
            <button
              aria-label="[든든] 신-키리모찌 1kg을 장바구니에 담기"
              class="sc-bkkfTU jprmXP"
              type="submit"
            >
              <svg>
                cart.svg
              </svg>
            </button>
          </div>
        </div>
      </div>
    </div>
    <div
      class="sc-eCImvq kFPXzk"
    >
      <div
        class="sc-gsDJrp"
      >
        <div
          class="sc-dkPtyc cVhNnt"
        >
          <img
            alt="[든든] 흑곤약 250g"
            class="sc-hKwCoD doJTuW"
            src="https://cdn-mart.baemin.com/goods/custom/20200525/11263-main-01.png"
          />
        </div>
      </div>
      <div
        class="sc-jRQAMF liUEKP"
      >
        <h4
          class="sc-gKckTs jFQqTJ"
        >
          [든든] 흑곤약 250g
        </h4>
        <div
          class="sc-iCfLBT bWXkrK"
        >
          <div
            class="sc-ieebsP jwDezp"
          >
            <span
              class="sc-dJjZJu ezWYrJ"
            >
              1,300
               원
            </span>
            <button
              aria-label="[든든] 흑곤약 250g을 장바구니에 담기"
              class="sc-bkkfTU jprmXP"
              type="submit"
            >
              <svg>
                cart.svg
              </svg>
            </button>
          </div>
        </div>
      </div>
    </div>
    <div
      class="sc-eCImvq kFPXzk"
    >
      <div
        class="sc-gsDJrp"
      >
        <div
          class="sc-dkPtyc cVhNnt"
        >
          <img
            alt="[든든] 흑곤약 1.2kg"
            class="sc-hKwCoD doJTuW"
            src="https://cdn-mart.baemin.com/goods/custom/20200525/11277-main-01.png"
          />
        </div>
      </div>
      <div
        class="sc-jRQAMF liUEKP"
      >
        <h4
          class="sc-gKckTs jFQqTJ"
        >
          [든든] 흑곤약 1.2kg
        </h4>
        <div
          class="sc-iCfLBT bWXkrK"
        >
          <div
            class="sc-ieebsP jwDezp"
          >
            <span
              class="sc-dJjZJu ezWYrJ"
            >
              4,000
               원
            </span>
            <button
              aria-label="[든든] 흑곤약 1.2kg을 장바구니에 담기"
              class="sc-bkkfTU jprmXP"
              type="submit"
            >
              <svg>
                cart.svg
              </svg>
            </button>
          </div>
        </div>
      </div>
    </div>
    <div
      class="sc-eCImvq kFPXzk"
    >
      <div
        class="sc-gsDJrp"
      >
        <div
          class="sc-dkPtyc cVhNnt"
        >
          <img
            alt="[든든] 곤약말이 시라타끼 200g"
            class="sc-hKwCoD doJTuW"
            src="https://cdn-mart.baemin.com/goods/custom/20200525/11280-main-01.png"
          />
        </div>
      </div>
      <div
        class="sc-jRQAMF liUEKP"
      >
        <h4
          class="sc-gKckTs jFQqTJ"
        >
          [든든] 곤약말이 시라타끼 200g
        </h4>
        <div
          class="sc-iCfLBT bWXkrK"
        >
          <div
            class="sc-ieebsP jwDezp"
          >
            <span
              class="sc-dJjZJu ezWYrJ"
            >
              1,100
               원
            </span>
            <button
              aria-label="[든든] 곤약말이 시라타끼 200g을 장바구니에 담기"
              class="sc-bkkfTU jprmXP"
              type="submit"
            >
              <svg>
                cart.svg
              </svg>
            </button>
          </div>
        </div>
      </div>
    </div>
    <div
      class="sc-eCImvq kFPXzk"
    >
      <div
        class="sc-gsDJrp"
      >
        <div
          class="sc-dkPtyc cVhNnt"
        >
          <img
            alt="[든든] 기분 시로가마보코 160g"
            class="sc-hKwCoD doJTuW"
            src="https://cdn-mart.baemin.com/goods/custom/20200525/11315-main-01.png"
          />
        </div>
      </div>
      <div
        class="sc-jRQAMF liUEKP"
      >
        <h4
          class="sc-gKckTs jFQqTJ"
        >
          [든든] 기분 시로가마보코 160g
        </h4>
        <div
          class="sc-iCfLBT bWXkrK"
        >
          <div
            class="sc-ieebsP jwDezp"
          >
            <span
              class="sc-dJjZJu ezWYrJ"
            >
              2,800
               원
            </span>
            <button
              aria-label="[든든] 기분 시로가마보코 160g을 장바구니에 담기"
              class="sc-bkkfTU jprmXP"
              type="submit"
            >
              <svg>
                cart.svg
              </svg>
            </button>
          </div>
        </div>
      </div>
    </div>
    <div
      class="sc-eCImvq kFPXzk"
    >
      <div
        class="sc-gsDJrp"
      >
        <div
          class="sc-dkPtyc cVhNnt"
        >
          <img
            alt="[든든] 냉동조미유부삼각 (60장) 1kg"
            class="sc-hKwCoD doJTuW"
            src="https://cdn-mart.baemin.com/goods/custom/20200525/11323-main-01.png"
          />
        </div>
      </div>
      <div
        class="sc-jRQAMF liUEKP"
      >
        <h4
          class="sc-gKckTs jFQqTJ"
        >
          [든든] 냉동조미유부삼각 (60장) 1kg
        </h4>
        <div
          class="sc-iCfLBT bWXkrK"
        >
          <div
            class="sc-ieebsP jwDezp"
          >
            <span
              class="sc-dJjZJu ezWYrJ"
            >
              8,400
               원
            </span>
            <button
              aria-label="[든든] 냉동조미유부삼각 (60장) 1kg을 장바구니에 담기"
              class="sc-bkkfTU jprmXP"
              type="submit"
            >
              <svg>
                cart.svg
              </svg>
            </button>
          </div>
        </div>
      </div>
    </div>
    <div
      class="sc-eCImvq kFPXzk"
    >
      <div
        class="sc-gsDJrp"
      >
        <div
          class="sc-dkPtyc cVhNnt"
        >
          <img
            alt="[든든] 시노다마끼 유부야채말이 (15g*40입) 600g"
            class="sc-hKwCoD doJTuW"
            src="https://cdn-mart.baemin.com/goods/custom/20200525/11328-main-01.png"
          />
        </div>
      </div>
      <div
        class="sc-jRQAMF liUEKP"
      >
        <h4
          class="sc-gKckTs jFQqTJ"
        >
          [든든] 시노다마끼 유부야채말이 (15g*40입) 600g
        </h4>
        <div
          class="sc-iCfLBT bWXkrK"
        >
          <div
            class="sc-ieebsP jwDezp"
          >
            <span
              class="sc-dJjZJu ezWYrJ"
            >
              9,000
               원
            </span>
            <button
              aria-label="[든든] 시노다마끼 유부야채말이 (15g*40입) 600g을 장바구니에 담기"
              class="sc-bkkfTU jprmXP"
              type="submit"
            >
              <svg>
                cart.svg
              </svg>
            </button>
          </div>
        </div>
      </div>
    </div>
    <div
      class="sc-eCImvq kFPXzk"
    >
      <div
        class="sc-gsDJrp"
      >
        <div
          class="sc-dkPtyc cVhNnt"
        >
          <img
            alt="[든든] 기분 오뎅세트 433g"
            class="sc-hKwCoD doJTuW"
            src="https://cdn-mart.baemin.com/goods/custom/20200525/11331-main-01.png"
          />
        </div>
      </div>
      <div
        class="sc-jRQAMF liUEKP"
      >
        <h4
          class="sc-gKckTs jFQqTJ"
        >
          [든든] 기분 오뎅세트 433g
        </h4>
        <div
          class="sc-iCfLBT bWXkrK"
        >
          <div
            class="sc-ieebsP jwDezp"
          >
            <span
              class="sc-dJjZJu ezWYrJ"
            >
              8,900
               원
            </span>
            <button
              aria-label="[든든] 기분 오뎅세트 433g을 장바구니에 담기"
              class="sc-bkkfTU jprmXP"
              type="submit"
            >
              <svg>
                cart.svg
              </svg>
            </button>
          </div>
        </div>
      </div>
    </div>
  </section>
</div>
`;
